13:00:14.706 [Expansion Quests] Initialize quest system on the connected client with UID=v4aFuv3EdfUWoyIDlEWQlxAMUX9TTlcMUAz8BIIeDAs=
13:00:14.708 [Expansion Quests] Created new persistent player quest data for player UID=v4aFuv3EdfUWoyIDlEWQlxAMUX9TTlcMUAz8BIIeDAs=
13:00:14.709 [Expansion Quests] Create new achievement/auto-start quest for quest ID=8 for player with UID=v4aFuv3EdfUWoyIDlEWQlxAMUX9TTlcMUAz8BIIeDAs=
13:00:14.709 [Expansion Quests] Added new objective data for type=TARGET | Key= | ID=3
13:00:14.710 [Expansion Quests] Updated and saved persistent player quest data for player with UID=v4aFuv3EdfUWoyIDlEWQlxAMUX9TTlcMUAz8BIIeDAs= | Quest ID=8
13:00:14.710 [Expansion Quests] Create new achievement/auto-start quest for quest ID=9 for player with UID=v4aFuv3EdfUWoyIDlEWQlxAMUX9TTlcMUAz8BIIeDAs=
13:00:14.710 [Expansion Quests] Added new objective data for type=TARGET | Key= | ID=2
13:00:14.711 [Expansion Quests] Updated and saved persistent player quest data for player with UID=v4aFuv3EdfUWoyIDlEWQlxAMUX9TTlcMUAz8BIIeDAs= | Quest ID=9
13:00:14.711 [Expansion Quests] Create new achievement/auto-start quest for quest ID=11 for player with UID=v4aFuv3EdfUWoyIDlEWQlxAMUX9TTlcMUAz8BIIeDAs=
13:00:14.711 [Expansion Quests] Added new objective data for type=ACTION | Key= | ID=1
13:00:14.711 [Expansion Quests] Updated and saved persistent player quest data for player with UID=v4aFuv3EdfUWoyIDlEWQlxAMUX9TTlcMUAz8BIIeDAs= | Quest ID=11
13:00:14.712 [Expansion Quests] Create new achievement/auto-start quest for quest ID=14 for player with UID=v4aFuv3EdfUWoyIDlEWQlxAMUX9TTlcMUAz8BIIeDAs=
13:00:14.712 [Expansion Quests] Added new objective data for type=TRAVEL | Key= | ID=3
13:00:14.713 [Expansion Quests] Updated and saved persistent player quest data for player with UID=v4aFuv3EdfUWoyIDlEWQlxAMUX9TTlcMUAz8BIIeDAs= | Quest ID=14
13:00:14.714 [Expansion Quests] Sending v4aFuv3EdfUWoyIDlEWQlxAMUX9TTlcMUAz8BIIeDAs= quest configs to client for player with UID=v4aFuv3EdfUWoyIDlEWQlxAMUX9TTlcMUAz8BIIeDAs=
13:00:14.714 [Expansion Quests] Sending player quest data for 4 quests to player with UID=v4aFuv3EdfUWoyIDlEWQlxAMUX9TTlcMUAz8BIIeDAs=
13:00:15.191 [Expansion Quests] Added new objective data for type=TRAVEL | Key= | ID=3
13:00:15.192 [Expansion Quests] Updated and saved persistent player quest data for player with UID=v4aFuv3EdfUWoyIDlEWQlxAMUX9TTlcMUAz8BIIeDAs= | Quest ID=14
13:04:55.860 [MissionAirdrop] An airdrop is heading towards "Sosnovka" (pos=<2700.000000, 0.000000, 6193.000000> type=Random_Sosnovka) with a ExpansionAirdropContainer_Basebuilding
13:11:37.465 [AI Patrol 00010] Spawning 2 West bots at <4097.979980, 337.710907, 5550.723145>
13:11:37.499 [AI Patrol 00010] Global patrol count: 1
13:11:37.499 [AI Patrol 00010] Global Expansion AI count: 4 alive, 0 deceased
13:11:37.499 [AI Patrol 00010] Patrol category patrol count: 1
13:11:37.500 [AI Patrol 00011] Spawning 2 West bots at <4476.084961, 303.996643, 6022.187988>
13:11:37.529 [AI Patrol 00011] Global patrol count: 2
13:11:37.530 [AI Patrol 00011] Global Expansion AI count: 5 alive, 0 deceased
13:11:37.530 [AI Patrol 00011] Patrol category patrol count: 2
13:11:37.781 [Safezone] Player "Adminer" (id=v4aFuv3EdfUWoyIDlEWQlxAMUX9TTlcMUAz8BIIeDAs= pos=<3737.85, 402.32, 6005.68>) entered the safezone
13:11:45.986 [Expansion Quests] Added new objective data for type=TRAVEL | Key= | ID=3
13:11:45.988 [Expansion Quests] Updated and saved persistent player quest data for player with UID=v4aFuv3EdfUWoyIDlEWQlxAMUX9TTlcMUAz8BIIeDAs= | Quest ID=14
13:11:45.989 [Expansion Quests] Player with UID=v4aFuv3EdfUWoyIDlEWQlxAMUX9TTlcMUAz8BIIeDAs= has completed quest with ID=14
13:11:46.004 [Expansion Quests] Updated and saved persistent player quest data for player with UID=v4aFuv3EdfUWoyIDlEWQlxAMUX9TTlcMUAz8BIIeDAs= | Quest ID=14
13:15:48.572 [Safezone] Player "Adminer" (id=v4aFuv3EdfUWoyIDlEWQlxAMUX9TTlcMUAz8BIIeDAs= pos=<2583.71, 272.43, 6098.06>) left the safezone
13:18:16.462 [Expansion Quests] Deleted quest with ID=8 is a of player with UID=v4aFuv3EdfUWoyIDlEWQlxAMUX9TTlcMUAz8BIIeDAs=.
13:18:16.462 [Expansion Quests] Deleted quest with ID=9 is a of player with UID=v4aFuv3EdfUWoyIDlEWQlxAMUX9TTlcMUAz8BIIeDAs=.
13:18:16.462 [Expansion Quests] Deleted quest with ID=11 is a of player with UID=v4aFuv3EdfUWoyIDlEWQlxAMUX9TTlcMUAz8BIIeDAs=.
