12:59:44.599 [MissionAirdrop] An airdrop is heading towards "Chernogorsk" (pos=<6128.000000, 0.000000, 2497.000000> type=Random_Chernogorsk) with a ExpansionAirdropContainer_Military
13:00:39.833 [Expansion Quests] Initialize quest system on the connected client with UID=v4aFuv3EdfUWoyIDlEWQlxAMUX9TTlcMUAz8BIIeDAs=
13:00:39.836 [Expansion Quests] Loaded existing player quest data for player with UID=v4aFuv3EdfUWoyIDlEWQlxAMUX9TTlcMUAz8BIIeDAs=
13:00:39.836 [Expansion Quests] Check quest initialization for quest with ID=4 | State=STARTED | Player UID=v4aFuv3EdfUWoyIDlEWQlxAMUX9TTlcMUAz8BIIeDAs=
13:00:39.837 [Expansion Quests] Create new quest instance for quest with ID=4 | Player UID=v4aFuv3EdfUWoyIDlEWQlxAMUX9TTlcMUAz8BIIeDAs=
13:00:39.838 [Expansion Quests] Check quest initialization for quest with ID=8 | State=STARTED | Player UID=v4aFuv3EdfUWoyIDlEWQlxAMUX9TTlcMUAz8BIIeDAs=
13:00:39.838 [Expansion Quests] Create new quest instance for quest with ID=8 | Player UID=v4aFuv3EdfUWoyIDlEWQlxAMUX9TTlcMUAz8BIIeDAs=
13:00:39.838 [Expansion Quests] Check quest initialization for quest with ID=9 | State=STARTED | Player UID=v4aFuv3EdfUWoyIDlEWQlxAMUX9TTlcMUAz8BIIeDAs=
13:00:39.838 [Expansion Quests] Create new quest instance for quest with ID=9 | Player UID=v4aFuv3EdfUWoyIDlEWQlxAMUX9TTlcMUAz8BIIeDAs=
13:00:39.839 [Expansion Quests] Check quest initialization for quest with ID=11 | State=STARTED | Player UID=v4aFuv3EdfUWoyIDlEWQlxAMUX9TTlcMUAz8BIIeDAs=
13:00:39.839 [Expansion Quests] Create new quest instance for quest with ID=11 | Player UID=v4aFuv3EdfUWoyIDlEWQlxAMUX9TTlcMUAz8BIIeDAs=
13:00:39.839 [Expansion Quests] Check quest initialization for quest with ID=14 | State=COMPLETED | Player UID=v4aFuv3EdfUWoyIDlEWQlxAMUX9TTlcMUAz8BIIeDAs=
13:00:39.840 [Expansion Quests] Sending v4aFuv3EdfUWoyIDlEWQlxAMUX9TTlcMUAz8BIIeDAs= quest configs to client for player with UID=v4aFuv3EdfUWoyIDlEWQlxAMUX9TTlcMUAz8BIIeDAs=
13:00:39.841 [Expansion Quests] Sending player quest data for 5 quests to player with UID=v4aFuv3EdfUWoyIDlEWQlxAMUX9TTlcMUAz8BIIeDAs=
13:00:39.845 [Expansion Quests] Added new objective data for type=TREASUREHUNT | Key=v4aFuv3EdfUWoyIDlEWQlxAMUX9TTlcMUAz8BIIeDAs= | ID=1
13:00:39.846 [Expansion Quests] Updated and saved persistent player quest data for player with UID=v4aFuv3EdfUWoyIDlEWQlxAMUX9TTlcMUAz8BIIeDAs= | Quest ID=4
13:02:15.294 [Expansion Quests] Added new objective data for type=TREASUREHUNT | Key=v4aFuv3EdfUWoyIDlEWQlxAMUX9TTlcMUAz8BIIeDAs= | ID=1
13:02:15.296 [Expansion Quests] Updated and saved persistent player quest data for player with UID=v4aFuv3EdfUWoyIDlEWQlxAMUX9TTlcMUAz8BIIeDAs= | Quest ID=4
13:02:38.150 [AI Patrol 00010] Spawning 3 West bots at <4117.635254, 351.158722, 6120.166504>
13:02:38.178 [AI Patrol 00010] Global patrol count: 1
13:02:38.179 [AI Patrol 00010] Global Expansion AI count: 4 alive, 0 deceased
13:02:38.179 [AI Patrol 00010] Patrol category patrol count: 1
13:03:54.120 [AI Patrol 00011] Spawning 1 West bots at <4528.121582, 296.606262, 6093.082520>
13:03:54.141 [AI Patrol 00011] Global patrol count: 2
13:03:54.141 [AI Patrol 00011] Global Expansion AI count: 7 alive, 0 deceased
13:03:54.142 [AI Patrol 00011] Patrol category patrol count: 2
13:10:57.532 [Killfeed] AI Mirek (Shamans) foi morto po Adminer com M16A4 de 22 m distância.
13:10:59.722 [Killfeed] AI Mirek (Shamans) foi morto po Adminer com M16A4 de 11 m distância.
13:11:05.269 [Killfeed] AI Mirek (Shamans) foi morto po Adminer com M16A4 de 1 m distância.
13:14:07.485 [AI Patrol 00010] Despawning 3 West bots (spawn position <4117.635254, 351.158722, 6120.166504>, 0/3 deceased)
13:14:07.485 [AI Patrol 00010] Global patrol count: 1
13:14:07.486 [AI Patrol 00010] Global Expansion AI count: 4 alive, 3 deceased
13:14:07.486 [AI Patrol 00010] Patrol category patrol count: 1
13:15:13.742 [AI Patrol 00011] Despawning 1 West bots (spawn position <4528.121582, 296.606262, 6093.082520>, 0/1 deceased)
13:15:13.759 [AI Patrol 00011] Global patrol count: 0
13:15:13.759 [AI Patrol 00011] Global Expansion AI count: 3 alive, 3 deceased
13:15:13.760 [AI Patrol 00011] Patrol category patrol count: 0
13:16:09.476 [Expansion Quests] Deleted quest with ID=8 is a of player with UID=v4aFuv3EdfUWoyIDlEWQlxAMUX9TTlcMUAz8BIIeDAs=.
13:16:09.476 [Expansion Quests] Deleted quest with ID=9 is a of player with UID=v4aFuv3EdfUWoyIDlEWQlxAMUX9TTlcMUAz8BIIeDAs=.
13:16:09.477 [Expansion Quests] Deleted quest with ID=11 is a of player with UID=v4aFuv3EdfUWoyIDlEWQlxAMUX9TTlcMUAz8BIIeDAs=.
13:16:09.477 [Expansion Quests] Deleted quest with ID=4 is a of player with UID=v4aFuv3EdfUWoyIDlEWQlxAMUX9TTlcMUAz8BIIeDAs=.
