20:59:59.787 [Expansion Quests] Initialize quest system on the connected client with UID=v4aFuv3EdfUWoyIDlEWQlxAMUX9TTlcMUAz8BIIeDAs=
20:59:59.805 [Expansion Quests] Loaded existing player quest data for player with UID=v4aFuv3EdfUWoyIDlEWQlxAMUX9TTlcMUAz8BIIeDAs=
20:59:59.805 [Expansion Quests] Check quest initialization for quest with ID=8 | State=STARTED | Player UID=v4aFuv3EdfUWoyIDlEWQlxAMUX9TTlcMUAz8BIIeDAs=
20:59:59.805 [Expansion Quests] Create new quest instance for quest with ID=8 | Player UID=v4aFuv3EdfUWoyIDlEWQlxAMUX9TTlcMUAz8BIIeDAs=
20:59:59.806 [Expansion Quests] Check quest initialization for quest with ID=9 | State=STARTED | Player UID=v4aFuv3EdfUWoyIDlEWQlxAMUX9TTlcMUAz8BIIeDAs=
20:59:59.806 [Expansion Quests] Create new quest instance for quest with ID=9 | Player UID=v4aFuv3EdfUWoyIDlEWQlxAMUX9TTlcMUAz8BIIeDAs=
20:59:59.806 [Expansion Quests] Check quest initialization for quest with ID=11 | State=STARTED | Player UID=v4aFuv3EdfUWoyIDlEWQlxAMUX9TTlcMUAz8BIIeDAs=
20:59:59.806 [Expansion Quests] Create new quest instance for quest with ID=11 | Player UID=v4aFuv3EdfUWoyIDlEWQlxAMUX9TTlcMUAz8BIIeDAs=
20:59:59.807 [Expansion Quests] Check quest initialization for quest with ID=14 | State=COMPLETED | Player UID=v4aFuv3EdfUWoyIDlEWQlxAMUX9TTlcMUAz8BIIeDAs=
20:59:59.808 [Expansion Quests] Sending v4aFuv3EdfUWoyIDlEWQlxAMUX9TTlcMUAz8BIIeDAs= quest configs to client for player with UID=v4aFuv3EdfUWoyIDlEWQlxAMUX9TTlcMUAz8BIIeDAs=
20:59:59.808 [Expansion Quests] Sending player quest data for 4 quests to player with UID=v4aFuv3EdfUWoyIDlEWQlxAMUX9TTlcMUAz8BIIeDAs=
20:59:59.811 [AI Patrol 00010] Spawning 3 West bots at <4157.256348, 345.164093, 5928.811523>
20:59:59.829 [AI Patrol 00010] Global patrol count: 1
20:59:59.830 [AI Patrol 00010] Global Expansion AI count: 4 alive, 0 deceased
20:59:59.830 [AI Patrol 00010] Patrol category patrol count: 1
20:59:59.830 [AI Patrol 00011] Spawning 2 West bots at <4572.139648, 307.746674, 5818.476074>
20:59:59.855 [AI Patrol 00011] Global patrol count: 2
20:59:59.855 [AI Patrol 00011] Global Expansion AI count: 5 alive, 0 deceased
20:59:59.855 [AI Patrol 00011] Patrol category patrol count: 2
21:02:03.193 [Expansion Quests] Added new objective data for type=TREASUREHUNT | Key=v4aFuv3EdfUWoyIDlEWQlxAMUX9TTlcMUAz8BIIeDAs= | ID=1
21:02:03.196 [Expansion Quests] Updated and saved persistent player quest data for player with UID=v4aFuv3EdfUWoyIDlEWQlxAMUX9TTlcMUAz8BIIeDAs= | Quest ID=4
21:02:03.196 [Expansion Quests] Created new quest instance with instance key=v4aFuv3EdfUWoyIDlEWQlxAMUX9TTlcMUAz8BIIeDAs= for quest with ID=4
