07:10:46.612 [Expansion Quests] Initialize quest system on the connected client with UID=v4aFuv3EdfUWoyIDlEWQlxAMUX9TTlcMUAz8BIIeDAs=
07:10:46.622 [Expansion Quests] Loaded existing player quest data for player with UID=v4aFuv3EdfUWoyIDlEWQlxAMUX9TTlcMUAz8BIIeDAs=
07:10:46.622 [Expansion Quests] Check quest initialization for quest with ID=8 | State=STARTED | Player UID=v4aFuv3EdfUWoyIDlEWQlxAMUX9TTlcMUAz8BIIeDAs=
07:10:46.623 [Expansion Quests] Create new quest instance for quest with ID=8 | Player UID=v4aFuv3EdfUWoyIDlEWQlxAMUX9TTlcMUAz8BIIeDAs=
07:10:46.623 [Expansion Quests] Check quest initialization for quest with ID=9 | State=STARTED | Player UID=v4aFuv3EdfUWoyIDlEWQlxAMUX9TTlcMUAz8BIIeDAs=
07:10:46.623 [Expansion Quests] Create new quest instance for quest with ID=9 | Player UID=v4aFuv3EdfUWoyIDlEWQlxAMUX9TTlcMUAz8BIIeDAs=
07:10:46.624 [Expansion Quests] Check quest initialization for quest with ID=11 | State=STARTED | Player UID=v4aFuv3EdfUWoyIDlEWQlxAMUX9TTlcMUAz8BIIeDAs=
07:10:46.624 [Expansion Quests] Create new quest instance for quest with ID=11 | Player UID=v4aFuv3EdfUWoyIDlEWQlxAMUX9TTlcMUAz8BIIeDAs=
07:10:46.624 [Expansion Quests] Check quest initialization for quest with ID=14 | State=COMPLETED | Player UID=v4aFuv3EdfUWoyIDlEWQlxAMUX9TTlcMUAz8BIIeDAs=
07:10:46.632 [Expansion Quests] Sending v4aFuv3EdfUWoyIDlEWQlxAMUX9TTlcMUAz8BIIeDAs= quest configs to client for player with UID=v4aFuv3EdfUWoyIDlEWQlxAMUX9TTlcMUAz8BIIeDAs=
07:10:46.632 [Expansion Quests] Sending player quest data for 4 quests to player with UID=v4aFuv3EdfUWoyIDlEWQlxAMUX9TTlcMUAz8BIIeDAs=
07:13:40.947 [MissionAirdrop] An airdrop is heading towards "Stary Sobor" (pos=<5823.000000, 0.000000, 7764.000000> type=Random_Stary Sobor) with a ExpansionAirdropContainer
07:17:35.784 [AI Patrol 00010] Spawning 2 West bots at <4562.985840, 303.245056, 5884.613281>
07:17:35.807 [AI Patrol 00010] Global patrol count: 1
07:17:35.808 [AI Patrol 00010] Global Expansion AI count: 4 alive, 0 deceased
07:17:35.808 [AI Patrol 00010] Patrol category patrol count: 1
07:17:35.809 [AI Patrol 00009] Spawning 3 West bots at <4171.400391, 346.725067, 5841.687500>
07:17:35.836 [AI Patrol 00009] Global patrol count: 2
07:17:35.836 [AI Patrol 00009] Global Expansion AI count: 5 alive, 0 deceased
07:17:35.836 [AI Patrol 00009] Patrol category patrol count: 2
07:17:36.640 [Safezone] Player "Adminer" (id=v4aFuv3EdfUWoyIDlEWQlxAMUX9TTlcMUAz8BIIeDAs= pos=<3725.56, 401.61, 6010.4>) entered the safezone
