07:30:23.569 [MissionAirdrop] An airdrop is heading towards "Novy Sobor" (pos=<7436.000000, 0.000000, 7720.000000> type=Random_Novy Sobor) with a ExpansionAirdropContainer_Basebuilding
07:49:45.931 [Safezone] Player "Adminer" (id=v4aFuv3EdfUWoyIDlEWQlxAMUX9TTlcMUAz8BIIeDAs= pos=<3709.17, 402.02, 5972.24>) entered the safezone
07:49:45.932 [Expansion Quests] Initialize quest system on the connected client with UID=v4aFuv3EdfUWoyIDlEWQlxAMUX9TTlcMUAz8BIIeDAs=
07:49:45.941 [Expansion Quests] Loaded existing player quest data for player with UID=v4aFuv3EdfUWoyIDlEWQlxAMUX9TTlcMUAz8BIIeDAs=
07:49:45.941 [Expansion Quests] Check quest initialization for quest with ID=8 | State=STARTED | Player UID=v4aFuv3EdfUWoyIDlEWQlxAMUX9TTlcMUAz8BIIeDAs=
07:49:45.942 [Expansion Quests] Create new quest instance for quest with ID=8 | Player UID=v4aFuv3EdfUWoyIDlEWQlxAMUX9TTlcMUAz8BIIeDAs=
07:49:45.942 [Expansion Quests] Check quest initialization for quest with ID=9 | State=STARTED | Player UID=v4aFuv3EdfUWoyIDlEWQlxAMUX9TTlcMUAz8BIIeDAs=
07:49:45.942 [Expansion Quests] Create new quest instance for quest with ID=9 | Player UID=v4aFuv3EdfUWoyIDlEWQlxAMUX9TTlcMUAz8BIIeDAs=
07:49:45.942 [Expansion Quests] Check quest initialization for quest with ID=11 | State=STARTED | Player UID=v4aFuv3EdfUWoyIDlEWQlxAMUX9TTlcMUAz8BIIeDAs=
07:49:45.943 [Expansion Quests] Create new quest instance for quest with ID=11 | Player UID=v4aFuv3EdfUWoyIDlEWQlxAMUX9TTlcMUAz8BIIeDAs=
07:49:45.943 [Expansion Quests] Check quest initialization for quest with ID=14 | State=COMPLETED | Player UID=v4aFuv3EdfUWoyIDlEWQlxAMUX9TTlcMUAz8BIIeDAs=
07:49:45.944 [Expansion Quests] Sending v4aFuv3EdfUWoyIDlEWQlxAMUX9TTlcMUAz8BIIeDAs= quest configs to client for player with UID=v4aFuv3EdfUWoyIDlEWQlxAMUX9TTlcMUAz8BIIeDAs=
07:49:45.944 [Expansion Quests] Sending player quest data for 4 quests to player with UID=v4aFuv3EdfUWoyIDlEWQlxAMUX9TTlcMUAz8BIIeDAs=
07:49:45.946 [AI Patrol 00010] Spawning 1 West bots at <4120.370117, 355.728699, 5802.644043>
07:49:45.965 [AI Patrol 00010] Global patrol count: 1
07:49:45.965 [AI Patrol 00010] Global Expansion AI count: 4 alive, 0 deceased
07:49:45.965 [AI Patrol 00010] Patrol category patrol count: 1
07:49:45.966 [AI Patrol 00011] Spawning 2 West bots at <4232.505859, 296.553070, 5328.580078>
07:49:45.984 [AI Patrol 00011] Global patrol count: 2
07:49:45.985 [AI Patrol 00011] Global Expansion AI count: 5 alive, 0 deceased
07:49:45.985 [AI Patrol 00011] Patrol category patrol count: 2
07:55:35.208 [Safezone] Player "Adminer" (id=v4aFuv3EdfUWoyIDlEWQlxAMUX9TTlcMUAz8BIIeDAs= pos=<1732.3, 319.73, 6173.47>) left the safezone
07:57:19.464 [Expansion Quests] Deleted quest with ID=8 is a of player with UID=v4aFuv3EdfUWoyIDlEWQlxAMUX9TTlcMUAz8BIIeDAs=.
07:57:19.465 [Expansion Quests] Deleted quest with ID=9 is a of player with UID=v4aFuv3EdfUWoyIDlEWQlxAMUX9TTlcMUAz8BIIeDAs=.
07:57:19.465 [Expansion Quests] Deleted quest with ID=11 is a of player with UID=v4aFuv3EdfUWoyIDlEWQlxAMUX9TTlcMUAz8BIIeDAs=.
