12:41:26.403 [Expansion Quests] Initialize quest system on the connected client with UID=v4aFuv3EdfUWoyIDlEWQlxAMUX9TTlcMUAz8BIIeDAs=
12:41:26.420 [Expansion Quests] Loaded existing player quest data for player with UID=v4aFuv3EdfUWoyIDlEWQlxAMUX9TTlcMUAz8BIIeDAs=
12:41:26.420 [Expansion Quests] Check quest initialization for quest with ID=4 | State=STARTED | Player UID=v4aFuv3EdfUWoyIDlEWQlxAMUX9TTlcMUAz8BIIeDAs=
12:41:26.420 [Expansion Quests] Create new quest instance for quest with ID=4 | Player UID=v4aFuv3EdfUWoyIDlEWQlxAMUX9TTlcMUAz8BIIeDAs=
12:41:26.421 [Expansion Quests] Quest continue event failed for quest with quest ID=4 | Player UID=v4aFuv3EdfUWoyIDlEWQlxAMUX9TTlcMUAz8BIIeDAs=
12:41:26.449 [Expansion Quests] Updated and saved persistent player quest data for player with UID=v4aFuv3EdfUWoyIDlEWQlxAMUX9TTlcMUAz8BIIeDAs= | Quest ID=4
12:41:26.450 [Expansion Quests] Check quest initialization for quest with ID=8 | State=STARTED | Player UID=v4aFuv3EdfUWoyIDlEWQlxAMUX9TTlcMUAz8BIIeDAs=
12:41:26.450 [Expansion Quests] Create new quest instance for quest with ID=8 | Player UID=v4aFuv3EdfUWoyIDlEWQlxAMUX9TTlcMUAz8BIIeDAs=
12:41:26.450 [Expansion Quests] Check quest initialization for quest with ID=9 | State=STARTED | Player UID=v4aFuv3EdfUWoyIDlEWQlxAMUX9TTlcMUAz8BIIeDAs=
12:41:26.450 [Expansion Quests] Create new quest instance for quest with ID=9 | Player UID=v4aFuv3EdfUWoyIDlEWQlxAMUX9TTlcMUAz8BIIeDAs=
12:41:26.451 [Expansion Quests] Check quest initialization for quest with ID=11 | State=STARTED | Player UID=v4aFuv3EdfUWoyIDlEWQlxAMUX9TTlcMUAz8BIIeDAs=
12:41:26.451 [Expansion Quests] Create new quest instance for quest with ID=11 | Player UID=v4aFuv3EdfUWoyIDlEWQlxAMUX9TTlcMUAz8BIIeDAs=
12:41:26.451 [Expansion Quests] Check quest initialization for quest with ID=14 | State=COMPLETED | Player UID=v4aFuv3EdfUWoyIDlEWQlxAMUX9TTlcMUAz8BIIeDAs=
12:41:26.452 [Expansion Quests] Sending v4aFuv3EdfUWoyIDlEWQlxAMUX9TTlcMUAz8BIIeDAs= quest configs to client for player with UID=v4aFuv3EdfUWoyIDlEWQlxAMUX9TTlcMUAz8BIIeDAs=
12:41:26.453 [Expansion Quests] Sending player quest data for 5 quests to player with UID=v4aFuv3EdfUWoyIDlEWQlxAMUX9TTlcMUAz8BIIeDAs=
12:41:26.455 [AI Patrol 00011] Spawning 1 West bots at <4532.139160, 307.639893, 5814.918945>
12:41:26.479 [AI Patrol 00011] Global patrol count: 1
12:41:26.480 [AI Patrol 00011] Global Expansion AI count: 4 alive, 0 deceased
12:41:26.480 [AI Patrol 00011] Patrol category patrol count: 1
12:41:26.480 [AI Patrol 00010] Spawning 2 West bots at <4111.176270, 357.295319, 5865.682617>
12:41:26.510 [AI Patrol 00010] Global patrol count: 2
12:41:26.510 [AI Patrol 00010] Global Expansion AI count: 5 alive, 0 deceased
12:41:26.510 [AI Patrol 00010] Patrol category patrol count: 2
12:45:51.319 [Expansion Quests] Added new objective data for type=TREASUREHUNT | Key=v4aFuv3EdfUWoyIDlEWQlxAMUX9TTlcMUAz8BIIeDAs= | ID=1
12:45:51.321 [Expansion Quests] Updated and saved persistent player quest data for player with UID=v4aFuv3EdfUWoyIDlEWQlxAMUX9TTlcMUAz8BIIeDAs= | Quest ID=4
12:45:51.321 [Expansion Quests] Created new quest instance with instance key=v4aFuv3EdfUWoyIDlEWQlxAMUX9TTlcMUAz8BIIeDAs= for quest with ID=4
12:46:04.411 [MissionAirdrop] An airdrop is heading towards "Skalisty Island" (pos=<13452.000000, 0.000000, 3112.000000> type=Random_Skalisty Island) with a ExpansionAirdropContainer_Medical
12:47:57.552 [Expansion Quests] Added new objective data for type=TREASUREHUNT | Key=v4aFuv3EdfUWoyIDlEWQlxAMUX9TTlcMUAz8BIIeDAs= | ID=1
12:47:57.554 [Expansion Quests] Updated and saved persistent player quest data for player with UID=v4aFuv3EdfUWoyIDlEWQlxAMUX9TTlcMUAz8BIIeDAs= | Quest ID=4
12:47:57.554 [Expansion Quests] Added new objective data for type=TREASUREHUNT | Key=v4aFuv3EdfUWoyIDlEWQlxAMUX9TTlcMUAz8BIIeDAs= | ID=1
12:47:57.557 [Expansion Quests] Updated and saved persistent player quest data for player with UID=v4aFuv3EdfUWoyIDlEWQlxAMUX9TTlcMUAz8BIIeDAs= | Quest ID=4
