20:50:46.850 [Expansion Quests] Initialize quest system on the connected client with UID=v4aFuv3EdfUWoyIDlEWQlxAMUX9TTlcMUAz8BIIeDAs=
20:50:46.869 [Expansion Quests] Loaded existing player quest data for player with UID=v4aFuv3EdfUWoyIDlEWQlxAMUX9TTlcMUAz8BIIeDAs=
20:50:46.869 [Expansion Quests] Check quest initialization for quest with ID=8 | State=STARTED | Player UID=v4aFuv3EdfUWoyIDlEWQlxAMUX9TTlcMUAz8BIIeDAs=
20:50:46.870 [Expansion Quests] Create new quest instance for quest with ID=8 | Player UID=v4aFuv3EdfUWoyIDlEWQlxAMUX9TTlcMUAz8BIIeDAs=
20:50:46.870 [Expansion Quests] Check quest initialization for quest with ID=9 | State=STARTED | Player UID=v4aFuv3EdfUWoyIDlEWQlxAMUX9TTlcMUAz8BIIeDAs=
20:50:46.870 [Expansion Quests] Create new quest instance for quest with ID=9 | Player UID=v4aFuv3EdfUWoyIDlEWQlxAMUX9TTlcMUAz8BIIeDAs=
20:50:46.871 [Expansion Quests] Check quest initialization for quest with ID=11 | State=STARTED | Player UID=v4aFuv3EdfUWoyIDlEWQlxAMUX9TTlcMUAz8BIIeDAs=
20:50:46.871 [Expansion Quests] Create new quest instance for quest with ID=11 | Player UID=v4aFuv3EdfUWoyIDlEWQlxAMUX9TTlcMUAz8BIIeDAs=
20:50:46.871 [Expansion Quests] Check quest initialization for quest with ID=14 | State=COMPLETED | Player UID=v4aFuv3EdfUWoyIDlEWQlxAMUX9TTlcMUAz8BIIeDAs=
20:50:46.872 [Expansion Quests] Sending v4aFuv3EdfUWoyIDlEWQlxAMUX9TTlcMUAz8BIIeDAs= quest configs to client for player with UID=v4aFuv3EdfUWoyIDlEWQlxAMUX9TTlcMUAz8BIIeDAs=
20:50:46.873 [Expansion Quests] Sending player quest data for 4 quests to player with UID=v4aFuv3EdfUWoyIDlEWQlxAMUX9TTlcMUAz8BIIeDAs=
20:50:46.875 [AI Patrol 00010] Spawning 3 West bots at <4080.488037, 329.502960, 5507.581055>
20:50:46.901 [AI Patrol 00010] Global patrol count: 1
20:50:46.902 [AI Patrol 00010] Global Expansion AI count: 4 alive, 0 deceased
20:50:46.902 [AI Patrol 00010] Patrol category patrol count: 1
20:50:46.902 [AI Patrol 00011] Spawning 1 West bots at <4575.312500, 290.884125, 6184.970703>
20:50:46.923 [AI Patrol 00011] Global patrol count: 2
20:50:46.923 [AI Patrol 00011] Global Expansion AI count: 5 alive, 0 deceased
20:50:46.924 [AI Patrol 00011] Patrol category patrol count: 2
20:51:29.835 [Expansion Quests] Deleted quest with ID=8 is a of player with UID=v4aFuv3EdfUWoyIDlEWQlxAMUX9TTlcMUAz8BIIeDAs=.
20:51:29.836 [Expansion Quests] Deleted quest with ID=9 is a of player with UID=v4aFuv3EdfUWoyIDlEWQlxAMUX9TTlcMUAz8BIIeDAs=.
20:51:29.836 [Expansion Quests] Deleted quest with ID=11 is a of player with UID=v4aFuv3EdfUWoyIDlEWQlxAMUX9TTlcMUAz8BIIeDAs=.
20:52:09.667 [MissionAirdrop] An airdrop is heading towards "Skalisty Island" (pos=<13452.000000, 0.000000, 3112.000000> type=Random_Skalisty Island) with a ExpansionAirdropContainer_Medical
