ExpansionTraderNaomi.Vehicle_Parts|3704.714844 402.352020 6011.309570|108.000008 0.000000 -0.000000|SurgicalMask,WorkingBoots_Brown,BaseballCap_Beige,ReflexVest,QuiltedJacket_Grey,CargoPants_Grey
ExpansionTraderRolf.Vehicles|3708.505615 402.337921 6007.430664|-35.999996 0.000000 -0.000000|SurgicalMask,WorkingBoots_Brown,BaseballCap_Beige,ReflexVest,QuiltedJacket_Grey,CargoPants_Grey
ExpansionTraderLinda.Special|3703.286865 411.300018 6014.921387|-138.692245 0.000000 -0.000000|SurgicalMask,MilitaryBoots_Redpunk,SportGlasses_Orange,UKAssVest_Black,BomberJacket_Maroon,CargoPants_Black,RadarCap_Red
ExpansionTraderNaomi.Weapons|3715.380371 402.107941 5959.018066|-90.253899 0.000000 -0.000000|HunterPants_Spring,HuntingJacket_Summer,Balaclava3Holes_Black,CowboyHat_black,CombatBoots_Green,MilitaryBelt,HuntingBag,Armband_Black
ExpansionTraderSeth.Attachments|3714.730225 402.103851 5960.804688|-112.458328 0.000000 -0.000000|CargoPants_Green,M65Jacket_Khaki,UKAssVest_Black,WorkingGloves_Black,AviatorGlasses,PilotkaCap,TTSKOBoots,AssaultBag_Black
ExpansionTraderDenis.Clothing|3690.562744 402.081512 5962.145508|147.946274 0.000000 -0.000000|SurgicalMask,FlatCap_BlackCheck,DressShoes_Brown,CivilianBelt,SlacksPants_Blue,ManSuit_Blue
ExpansionTraderMaria.Clothing_Accessories|3688.041016 402.081512 5960.951172|147.946259 0.000000 -0.000000|QuiltedJacket_Violet,Breeches_Beetcheck,SurgicalGloves_White,ThinFramesGlasses,BaseballCap_Pink,JoggingShoes_Violet,TaloonBag_Violet,Armband_Pink
ExpansionTraderQuinn.Consumables|3721.470947 402.006805 5965.906250|9.000000 0.000000 -0.000000|CargoPants_Black,Shirt_BlueCheckBright,SurgicalGloves_Blue,BaseballCap_Blue,AthleticShoes_Blue,CivilianBelt,DryBag_Blue
ExpansionExchangeMachine.Exchange|3686.830078 404.339996 5982.439941|160.266998 0.000000 0.000000
ExpansionTraderJose.Spraycans|3702.275146 402.022827 6014.776855|-134.999985 0.000000 -0.000000|TrackSuitPants_Red,TrackSuitJacket_Red,MilitaryBoots_Redpunk,BeanieHat_Red,NioshFaceMask,ChildBag_Red
ExpansionTraderJudy.Medicals|SurvivorM_Indar|3677.548096 402.671600 5989.424316|-45.000000 0.000000 -0.000000|MilitaryBoots_Black,ParamedicPants_Crimson,SurgicalMask,SurgicalGloves_Green,ParamedicJacket_Crimson,ParamedicPants_Blue,MountainBag_Red
ExpansionTraderNiki.BuildingSupplies|3726.120850 402.227844 5975.467285|152.999985 0.000000 -0.000000|ParamedicJacket_Blue,ParamedicPants_Blue,PoliceVest,NioshFaceMask,NBCGlovesGray,FlatCap_Blue,HikingBootsLow_Blue,MountainBag_Blue
ExpansionTraderIndar.Components|3727.906006 402.155975 5972.520508|-89.999985 0.000000 -0.000000|ParamedicJacket_Blue,ParamedicPants_Blue,PoliceVest,NioshFaceMask,NBCGlovesGray,FlatCap_Blue,HikingBootsLow_Blue,MountainBag_Blue